Microchip MPLAB XC8 Compiler V1.34 ()

Linker command line:

-W9 --edf=C:\Program Files (x86)\Microchip\xc8\v1.34\dat\en_msgs.txt -cs \
  -h+dist/default/production\gcm-cleankeeper.production.sym \
  --cmf=dist/default/production\gcm-cleankeeper.production.cmf -z -Q16F1503 \
  -oC:\Users\cm.GCM\AppData\Local\Temp\s994.6 \
  -Mdist/default/production/gcm-cleankeeper.production.map -E1 -ver=XC8 \
  -ASTACK=02054h-0206fh -pstack=STACK -ACODE=00h-07FFh -ASTRCODE=00h-07FFh \
  -ASTRING=00h-0FFhx8 -ACONST=00h-0FFhx8 -AENTRY=00h-0FFhx8 \
  -ACOMMON=070h-07Fh -ABANK0=020h-06Fh -ABANK1=0A0h-0BFh \
  -ABIGRAM=02000h-0206Fh -ARAM=020h-06Fh,0A0h-0BFh \
  -AABS1=020h-07Fh,0A0h-0BFh -ASFR0=00h-01Fh -ASFR1=080h-09Fh \
  -ASFR2=0100h-016Fh -ASFR3=0180h-01EFh -ASFR4=0200h-026Fh \
  -ASFR5=0280h-02EFh -ASFR6=0300h-036Fh -ASFR7=0380h-03EFh \
  -ASFR8=0400h-046Fh -ASFR9=0480h-04EFh -ASFR10=0500h-056Fh \
  -ASFR11=0580h-05EFh -ASFR12=0600h-066Fh -ASFR13=0680h-06EFh \
  -ASFR14=0700h-076Fh -ASFR15=0780h-07EFh -ASFR16=0800h-086Fh \
  -ASFR17=0880h-08EFh -ASFR18=0900h-096Fh -ASFR19=0980h-09EFh \
  -ASFR20=0A00h-0A6Fh -ASFR21=0A80h-0AEFh -ASFR22=0B00h-0B6Fh \
  -ASFR23=0B80h-0BEFh -ASFR24=0C00h-0C6Fh -ASFR25=0C80h-0CEFh \
  -ASFR26=0D00h-0D6Fh -ASFR27=0D80h-0DEFh -ASFR28=0E00h-0E6Fh \
  -ASFR29=0E80h-0EEFh -ASFR30=0F00h-0F6Fh -ASFR31=0F80h-0FEFh \
  -preset_vec=00h,intentry,init,end_init -ppowerup=CODE -pcinit=CODE \
  -pfunctab=CODE -ACONFIG=08007h-08008h -pconfig=CONFIG -DCONFIG=2 \
  -AIDLOC=08000h-08003h -pidloc=IDLOC -DIDLOC=2 -DCODE=2 -DSTRCODE=2 \
  -DSTRING=2 -DCONST=2 -DENTRY=2 -k \
  C:\Users\cm.GCM\AppData\Local\Temp\s994.obj \
  dist/default/production\gcm-cleankeeper.production.obj 

Object code version is 3.11

Machine type is 16F1503



                Name                               Link     Load   Length Selector   Space Scale
C:\Users\cm.GCM\AppData\Local\Temp\s994.obj
                end_init                              1        1        1        0       0
                reset_vec                             0        0        1        0       0
                config                             8007     8007        1    1000E       0
dist/default/production\gcm-cleankeeper.production.obj
                cinit                               7EF      7EF       11      FDE       0
                text19                              6EB      6EB      104      DD6       0
                text18                              2EA      2EA       82      5D4       0
                text17                              1B6      1B6       2F      36C       0
                text16                              27B      27B       6F      4F6       0
                text15                              1E5      1E5       32      3CA       0
                text14                              10B      10B        5      20C       0
                text13                              217      217       64      42E       0
                text12                              5F6      5F6       F5      BEC       0
                text11                              3F3      3F3       A8      7E6       0
                text10                              543      543       B3      A86       0
                text9                               36C      36C       87      6D8       0
                text8                               119      119       12      232       0
                text7                               49B      49B       A8      936       0
                text6                               14A      14A       21      294       0
                text5                               111      111        8      222       0
                text4                               18D      18D       29      31A       0
                text3                               12B      12B       1F      256       0
                text2                               16B      16B       22      2D6       0
                text1                                FD       FD        3      1FA       0
                maintext                            106      106        5      20C       0
                cstackBANK0                          20       20       43       20       1
                cstackCOMMON                         70       70        E       70       1
                bssBANK1                             A0       A0        4       A0       1
                bssBANK0                             63       63        A       20       1
                stringtext                          100      100        6        2       0

TOTAL           Name                               Link     Load   Length     Space
        CLASS   STACK          

        CLASS   CODE           
                end_init                              1        1        1         0
                cinit                               7EF      7EF       11         0
                reset_vec                             0        0        1         0
                text19                              6EB      6EB      104         0
                text18                              2EA      2EA       82         0
                text17                              1B6      1B6       2F         0
                text16                              27B      27B       6F         0
                text15                              1E5      1E5       32         0
                text14                              10B      10B        5         0
                text13                              217      217       64         0
                text12                              5F6      5F6       F5         0
                text11                              3F3      3F3       A8         0
                text10                              543      543       B3         0
                text9                               36C      36C       87         0
                text8                               119      119       12         0
                text7                               49B      49B       A8         0
                text6                               14A      14A       21         0
                text5                               111      111        8         0
                text4                               18D      18D       29         0
                text3                               12B      12B       1F         0
                text2                               16B      16B       22         0
                text1                                FD       FD        3         0
                maintext                            106      106        5         0

        CLASS   STRCODE        
                stringtext                          100      100        6         0

        CLASS   STRING         

        CLASS   CONST          

        CLASS   ENTRY          

        CLASS   COMMON         
                cstackCOMMON                         70       70        E         1

        CLASS   BANK0          
                cstackBANK0                          20       20       43         1
                bssBANK0                             63       63        A         1

        CLASS   BANK1          
                bssBANK1                             A0       A0        4         1

        CLASS   BIGRAM         

        CLASS   RAM            

        CLASS   ABS1           
                abs_s1                               7E       7E        2         1

        CLASS   SFR0           

        CLASS   SFR1           

        CLASS   SFR2           

        CLASS   SFR3           

        CLASS   SFR4           

        CLASS   SFR5           

        CLASS   SFR6           

        CLASS   SFR7           

        CLASS   SFR8           

        CLASS   SFR9           

        CLASS   SFR10          

        CLASS   SFR11          

        CLASS   SFR12          

        CLASS   SFR13          

        CLASS   SFR14          

        CLASS   SFR15          

        CLASS   SFR16          

        CLASS   SFR17          

        CLASS   SFR18          

        CLASS   SFR19          

        CLASS   SFR20          

        CLASS   SFR21          

        CLASS   SFR22          

        CLASS   SFR23          

        CLASS   SFR24          

        CLASS   SFR25          

        CLASS   SFR26          

        CLASS   SFR27          

        CLASS   SFR28          

        CLASS   SFR29          

        CLASS   SFR30          

        CLASS   SFR31          

        CLASS   CONFIG         
                config                             8007     8007        1         0

        CLASS   IDLOC          

        CLASS   BANK31         

        CLASS   BANK30         

        CLASS   BANK29         

        CLASS   BANK28         

        CLASS   BANK27         

        CLASS   BANK26         

        CLASS   BANK25         

        CLASS   BANK24         

        CLASS   BANK23         

        CLASS   BANK22         

        CLASS   BANK21         

        CLASS   BANK20         

        CLASS   BANK19         

        CLASS   BANK18         

        CLASS   BANK17         

        CLASS   BANK16         

        CLASS   BANK15         

        CLASS   BANK14         

        CLASS   BANK13         

        CLASS   BANK12         

        CLASS   BANK11         

        CLASS   BANK10         

        CLASS   BANK9          

        CLASS   BANK8          

        CLASS   BANK7          

        CLASS   BANK6          

        CLASS   BANK5          

        CLASS   BANK4          

        CLASS   BANK3          

        CLASS   BANK2          

        CLASS   EEDATA         



SEGMENTS        Name                           Load    Length   Top    Selector   Space  Class     Delta

                reset_vec                      000000  000002  000002         0       0  CODE        2
                cstackBANK0                    000020  00004D  00006D        20       1  BANK0       1
                cstackCOMMON                   000070  00000E  00007E        70       1  COMMON      1
                bssBANK1                       0000A0  000004  0000A4        A0       1  BANK1       1
                text1                          0000FD  000003  000100       1FA       0  CODE        2
                stringtext                     000100  000006  000106         2       0  STRCODE     2
                maintext                       000106  00000A  000110       20C       0  CODE        2
                text5                          000111  000008  000119       222       0  CODE        2
                text8                          000119  000012  00012B       232       0  CODE        2
                text3                          00012B  00001F  00014A       256       0  CODE        2
                text6                          00014A  000021  00016B       294       0  CODE        2
                text2                          00016B  000022  00018D       2D6       0  CODE        2
                text4                          00018D  000029  0001B6       31A       0  CODE        2
                text17                         0001B6  00002F  0001E5       36C       0  CODE        2
                text15                         0001E5  000032  000217       3CA       0  CODE        2
                text13                         000217  000064  00027B       42E       0  CODE        2
                text16                         00027B  00006F  0002EA       4F6       0  CODE        2
                text18                         0002EA  000082  00036C       5D4       0  CODE        2
                text9                          00036C  000087  0003F3       6D8       0  CODE        2
                text11                         0003F3  0000A8  00049B       7E6       0  CODE        2
                text7                          00049B  0000A8  000543       936       0  CODE        2
                text10                         000543  0000B3  0005F6       A86       0  CODE        2
                text12                         0005F6  0000F5  0006EB       BEC       0  CODE        2
                text19                         0006EB  000104  0007EF       DD6       0  CODE        2
                cinit                          0007EF  000011  000800       FDE       0  CODE        2
                config                         008007  000001  008008     1000E       0  CONFIG      2


UNUSED ADDRESS RANGES

        Name                Unused          Largest block    Delta
        BANK0            0006D-0006F               3           1
        BANK1            000A4-000BF              1C           1
        BIGRAM           02000-0206F              70           1
        CODE             00002-000FC              FB           2
                         00110-00110               1
        CONFIG           08008-08008               1           2
        CONST            00002-000FC              FB           2
                         00110-00110               1
        ENTRY            00002-000FC              FB           2
                         00110-00110               1
        IDLOC            08000-08003               4           2
        RAM              0006D-0006F               3           1
                         000A4-000BF              1C
        SFR0             00000-0001F              20           1
        SFR1             00080-0009F              20           1
        SFR10            00500-0056F              70           1
        SFR11            00580-005EF              70           1
        SFR12            00600-0066F              70           1
        SFR13            00680-006EF              70           1
        SFR14            00700-0076F              70           1
        SFR15            00780-007EF              70           1
        SFR16            00800-0086F              70           1
        SFR17            00880-008EF              70           1
        SFR18            00900-0096F              70           1
        SFR19            00980-009EF              70           1
        SFR2             00100-0016F              70           1
        SFR20            00A00-00A6F              70           1
        SFR21            00A80-00AEF              70           1
        SFR22            00B00-00B6F              70           1
        SFR23            00B80-00BEF              70           1
        SFR24            00C00-00C6F              70           1
        SFR25            00C80-00CEF              70           1
        SFR26            00D00-00D6F              70           1
        SFR27            00D80-00DEF              70           1
        SFR28            00E00-00E6F              70           1
        SFR29            00E80-00EEF              70           1
        SFR3             00180-001EF              70           1
        SFR30            00F00-00F6F              70           1
        SFR31            00F80-00FEF              70           1
        SFR4             00200-0026F              70           1
        SFR5             00280-002EF              70           1
        SFR6             00300-0036F              70           1
        SFR7             00380-003EF              70           1
        SFR8             00400-0046F              70           1
        SFR9             00480-004EF              70           1
        STACK            02054-0206F              1C           1
        STRCODE          00002-000FC              FB           2
                         00110-00110               1
        STRING           00002-000FC              FB           2
                         00110-00110               1

                                  Symbol Table

?_ConvertRpm2Hz                        cstackBANK0  0002E
?_LimitFreq                            cstackCOMMON 00070
?_ReadFlash                            cstackCOMMON 00070
?___aldiv                              cstackBANK0  00020
?___ftadd                              cstackBANK0  00040
?___ftdiv                              cstackBANK0  00030
?___ftmul                              cstackBANK0  00020
?___ftpack                             cstackCOMMON 00070
?___fttol                              cstackBANK0  0004D
?___lmul                               cstackCOMMON 00070
?___lwtoft                             cstackCOMMON 00078
CleanKeeperController@bGreen           cstackCOMMON 00075
CleanKeeperController@bRed             cstackCOMMON 00074
CleanKeeperController@bSignalDirection bssBANK0     00069
CleanKeeperController@bSignalOverload  bssBANK0     0006A
CleanKeeperController@bSignalRelay     bssBANK0     0006B
CleanKeeperController@iOverLoadTimer   bssBANK0     00063
CleanKeeperController@iState           bssBANK0     00067
CleanKeeperController@iTimer           bssBANK1     000A0
CleanKeeperInit@iHertz                 cstackBANK0  00061
ConvertRpm2Hz@iHertz                   cstackBANK0  00034
ConvertRpm2Hz@iRpm                     cstackBANK0  0002E
ConvertRpm2Hz@iScale                   stringtext   00100
InitAddress@addr                       cstackCOMMON 00078
LimitFreq@iFreq                        cstackCOMMON 00070
LimitFreq@iLimited                     cstackCOMMON 00072
PulseOut@iFreq                         cstackBANK0  0005B
PulseOut@iLimitedFreq                  cstackBANK0  0005F
PulseOut@iPR2                          cstackBANK0  0005D
ReadFlash@address                      cstackCOMMON 00070
ReadFlash@data                         cstackCOMMON 00074
SetPWMDutyCycle@DutyCycle              cstackCOMMON 00070
Wait_ms@iWAIT                          stringtext   00104
_ADCON0bits                            (abs)        0009D
_ADCON1bits                            (abs)        0009E
_ADDRESS                               bssBANK0     0006C
_ADRESH                                (abs)        0009C
_ADRESL                                (abs)        0009B
_ANSELA                                (abs)        0018C
_ANSELAbits                            (abs)        0018C
_ANSELC                                (abs)        0018E
_ANSELCbits                            (abs)        0018E
_CleanKeeperController                 text19       006EB
_CleanKeeperInit                       text6        0014A
_ConfigureOscillator                   text5        00111
_ConvertRpm2Hz                         text16       0027B
_ConvertRpm2Hz$1026                    cstackBANK0  00030
_INTCONbits                            (abs)        0000B
_InitAddress                           text3        0012B
_InitApp                               text1        000FD
_InitGPIO                              text2        0016B
_LATA                                  (abs)        0010C
_LATAbits                              (abs)        0010C
_LATC                                  (abs)        0010E
_LATCbits                              (abs)        0010E
_LimitFreq                             text15       001E5
_OPTION_REGbits                        (abs)        00095
_OSCCONbits                            (abs)        00099
_OSCSTATbits                           (abs)        0009A
_PIE1bits                              (abs)        00091
_PIR1bits                              (abs)        00011
_PIR2                                  (abs)        00012
_PMADRH                                (abs)        00192
_PMADRL                                (abs)        00191
_PMCON1bits                            (abs)        00195
_PMCON2                                (abs)        00196
_PMDATH                                (abs)        00194
_PMDATL                                (abs)        00193
_PORTAbits                             (abs)        0000C
_PORTCbits                             (abs)        0000E
_PR2                                   (abs)        0001B
_PWM2CON                               (abs)        00616
_PWM2DCH                               (abs)        00615
_PWM2DCL                               (abs)        00614
_PulseOut                              text7        0049B
_ReadFlash                             text4        0018D
_SSPADD                                (abs)        00212
_SSPCON1                               (abs)        00215
_SSPCON1bits                           (abs)        00215
_SSPCON2                               (abs)        00216
_SSPCON3                               (abs)        00217
_SSPSTAT                               (abs)        00214
_SetPWMDutyCycle                       text14       0010B
_T2CON                                 (abs)        0001C
_TRISA                                 (abs)        0008C
_TRISAbits                             (abs)        0008C
_TRISC                                 (abs)        0008E
_TRISCbits                             (abs)        0008E
_WPUAbits                              (abs)        0020C
__CFG_FOSC$INTOSC                      (abs)        00000
__CFG_PWRTE$ON                         (abs)        00000
__CFG_WDTE$OFF                         (abs)        00000
__Habs1                                abs1         00000
__Hbank0                               bank0        00000
__Hbank1                               bank1        00000
__Hbank10                              bank10       00000
__Hbank11                              bank11       00000
__Hbank12                              bank12       00000
__Hbank13                              bank13       00000
__Hbank14                              bank14       00000
__Hbank15                              bank15       00000
__Hbank16                              bank16       00000
__Hbank17                              bank17       00000
__Hbank18                              bank18       00000
__Hbank19                              bank19       00000
__Hbank2                               bank2        00000
__Hbank20                              bank20       00000
__Hbank21                              bank21       00000
__Hbank22                              bank22       00000
__Hbank23                              bank23       00000
__Hbank24                              bank24       00000
__Hbank25                              bank25       00000
__Hbank26                              bank26       00000
__Hbank27                              bank27       00000
__Hbank28                              bank28       00000
__Hbank29                              bank29       00000
__Hbank3                               bank3        00000
__Hbank30                              bank30       00000
__Hbank31                              bank31       00000
__Hbank4                               bank4        00000
__Hbank5                               bank5        00000
__Hbank6                               bank6        00000
__Hbank7                               bank7        00000
__Hbank8                               bank8        00000
__Hbank9                               bank9        00000
__Hbigram                              bigram       00000
__HbssBANK0                            bssBANK0     00000
__HbssBANK1                            bssBANK1     00000
__Hcinit                               cinit        00800
__Hclrtext                             clrtext      00000
__Hcode                                code         00000
__Hcommon                              common       00000
__Hconfig                              config       08008
__HcstackBANK0                         cstackBANK0  00000
__HcstackCOMMON                        cstackCOMMON 00000
__Heeprom_data                         eeprom_data  00000
__Hend_init                            end_init     00002
__Hfunctab                             functab      00000
__Hidloc                               idloc        00000
__Hinit                                init         00001
__Hintentry                            intentry     00001
__Hmaintext                            maintext     00000
__Hpowerup                             powerup      00000
__Hram                                 ram          00000
__Hreset_vec                           reset_vec    00001
__Hsfr0                                sfr0         00000
__Hsfr1                                sfr1         00000
__Hsfr10                               sfr10        00000
__Hsfr11                               sfr11        00000
__Hsfr12                               sfr12        00000
__Hsfr13                               sfr13        00000
__Hsfr14                               sfr14        00000
__Hsfr15                               sfr15        00000
__Hsfr16                               sfr16        00000
__Hsfr17                               sfr17        00000
__Hsfr18                               sfr18        00000
__Hsfr19                               sfr19        00000
__Hsfr2                                sfr2         00000
__Hsfr20                               sfr20        00000
__Hsfr21                               sfr21        00000
__Hsfr22                               sfr22        00000
__Hsfr23                               sfr23        00000
__Hsfr24                               sfr24        00000
__Hsfr25                               sfr25        00000
__Hsfr26                               sfr26        00000
__Hsfr27                               sfr27        00000
__Hsfr28                               sfr28        00000
__Hsfr29                               sfr29        00000
__Hsfr3                                sfr3         00000
__Hsfr30                               sfr30        00000
__Hsfr31                               sfr31        00000
__Hsfr4                                sfr4         00000
__Hsfr5                                sfr5         00000
__Hsfr6                                sfr6         00000
__Hsfr7                                sfr7         00000
__Hsfr8                                sfr8         00000
__Hsfr9                                sfr9         00000
__Hspace_0                             (abs)        08008
__Hspace_1                             (abs)        000A4
__Hspace_2                             (abs)        00000
__Hspace_3                             (abs)        00000
__Hstack                               stack        00000
__Hstrings                             strings      00000
__Hstringtext                          stringtext   00000
__Htext                                text         00000
__Labs1                                abs1         00000
__Lbank0                               bank0        00000
__Lbank1                               bank1        00000
__Lbank10                              bank10       00000
__Lbank11                              bank11       00000
__Lbank12                              bank12       00000
__Lbank13                              bank13       00000
__Lbank14                              bank14       00000
__Lbank15                              bank15       00000
__Lbank16                              bank16       00000
__Lbank17                              bank17       00000
__Lbank18                              bank18       00000
__Lbank19                              bank19       00000
__Lbank2                               bank2        00000
__Lbank20                              bank20       00000
__Lbank21                              bank21       00000
__Lbank22                              bank22       00000
__Lbank23                              bank23       00000
__Lbank24                              bank24       00000
__Lbank25                              bank25       00000
__Lbank26                              bank26       00000
__Lbank27                              bank27       00000
__Lbank28                              bank28       00000
__Lbank29                              bank29       00000
__Lbank3                               bank3        00000
__Lbank30                              bank30       00000
__Lbank31                              bank31       00000
__Lbank4                               bank4        00000
__Lbank5                               bank5        00000
__Lbank6                               bank6        00000
__Lbank7                               bank7        00000
__Lbank8                               bank8        00000
__Lbank9                               bank9        00000
__Lbigram                              bigram       00000
__LbssBANK0                            bssBANK0     00000
__LbssBANK1                            bssBANK1     00000
__Lcinit                               cinit        007EF
__Lclrtext                             clrtext      00000
__Lcode                                code         00000
__Lcommon                              common       00000
__Lconfig                              config       08007
__LcstackBANK0                         cstackBANK0  00000
__LcstackCOMMON                        cstackCOMMON 00000
__Leeprom_data                         eeprom_data  00000
__Lend_init                            end_init     00001
__Lfunctab                             functab      00000
__Lidloc                               idloc        00000
__Linit                                init         00001
__Lintentry                            intentry     00001
__Lmaintext                            maintext     00000
__Lpowerup                             powerup      00000
__Lram                                 ram          00000
__Lreset_vec                           reset_vec    00000
__Lsfr0                                sfr0         00000
__Lsfr1                                sfr1         00000
__Lsfr10                               sfr10        00000
__Lsfr11                               sfr11        00000
__Lsfr12                               sfr12        00000
__Lsfr13                               sfr13        00000
__Lsfr14                               sfr14        00000
__Lsfr15                               sfr15        00000
__Lsfr16                               sfr16        00000
__Lsfr17                               sfr17        00000
__Lsfr18                               sfr18        00000
__Lsfr19                               sfr19        00000
__Lsfr2                                sfr2         00000
__Lsfr20                               sfr20        00000
__Lsfr21                               sfr21        00000
__Lsfr22                               sfr22        00000
__Lsfr23                               sfr23        00000
__Lsfr24                               sfr24        00000
__Lsfr25                               sfr25        00000
__Lsfr26                               sfr26        00000
__Lsfr27                               sfr27        00000
__Lsfr28                               sfr28        00000
__Lsfr29                               sfr29        00000
__Lsfr3                                sfr3         00000
__Lsfr30                               sfr30        00000
__Lsfr31                               sfr31        00000
__Lsfr4                                sfr4         00000
__Lsfr5                                sfr5         00000
__Lsfr6                                sfr6         00000
__Lsfr7                                sfr7         00000
__Lsfr8                                sfr8         00000
__Lsfr9                                sfr9         00000
__Lspace_0                             (abs)        00000
__Lspace_1                             (abs)        00000
__Lspace_2                             (abs)        00000
__Lspace_3                             (abs)        00000
__Lstack                               stack        00000
__Lstrings                             strings      00000
__Lstringtext                          stringtext   00000
__Ltext                                text         00000
__S0                                   (abs)        08008
__S1                                   (abs)        000A4
__S2                                   (abs)        00000
___aldiv                               text18       002EA
___aldiv@counter                       cstackBANK0  00028
___aldiv@dividend                      cstackBANK0  00024
___aldiv@divisor                       cstackBANK0  00020
___aldiv@quotient                      cstackBANK0  0002A
___aldiv@sign                          cstackBANK0  00029
___ftadd                               text12       005F6
___ftadd@exp1                          cstackBANK0  0004C
___ftadd@exp2                          cstackBANK0  0004B
___ftadd@f1                            cstackBANK0  00040
___ftadd@f2                            cstackBANK0  00043
___ftadd@sign                          cstackBANK0  0004A
___ftdiv                               text11       003F3
___ftdiv@cntr                          cstackBANK0  0003A
___ftdiv@exp                           cstackBANK0  0003E
___ftdiv@f1                            cstackBANK0  00033
___ftdiv@f2                            cstackBANK0  00030
___ftdiv@f3                            cstackBANK0  0003B
___ftdiv@sign                          cstackBANK0  0003F
___ftmul                               text10       00543
___ftmul@cntr                          cstackBANK0  0002E
___ftmul@exp                           cstackBANK0  0002A
___ftmul@f1                            cstackBANK0  00020
___ftmul@f2                            cstackBANK0  00023
___ftmul@f3_as_product                 cstackBANK0  0002B
___ftmul@sign                          cstackBANK0  0002F
___ftpack                              text13       00217
___ftpack@arg                          cstackCOMMON 00070
___ftpack@exp                          cstackCOMMON 00073
___ftpack@sign                         cstackCOMMON 00074
___fttol                               text9        0036C
___fttol@exp1                          cstackBANK0  0005A
___fttol@f1                            cstackBANK0  0004D
___fttol@lval                          cstackBANK0  00056
___fttol@sign1                         cstackBANK0  00055
___int_sp                              stack        00000
___latbits                             (abs)        00000
___lmul                                text17       001B6
___lmul@multiplicand                   cstackCOMMON 00074
___lmul@multiplier                     cstackCOMMON 00070
___lmul@product                        cstackCOMMON 00078
___lwtoft                              text8        00119
___lwtoft@c                            cstackCOMMON 00078
___sp                                  stack        00000
__end_ofConvertRpm2Hz@iScale           stringtext   00104
__end_ofWait_ms@iWAIT                  stringtext   00106
__end_of_CleanKeeperController         text19       007EF
__end_of_CleanKeeperInit               text6        0016B
__end_of_ConfigureOscillator           text5        00119
__end_of_ConvertRpm2Hz                 text16       002EA
__end_of_InitAddress                   text3        0014A
__end_of_InitApp                       text1        00100
__end_of_InitGPIO                      text2        0018D
__end_of_LimitFreq                     text15       00217
__end_of_PulseOut                      text7        00543
__end_of_ReadFlash                     text4        001B6
__end_of_SetPWMDutyCycle               text14       00110
__end_of___aldiv                       text18       0036C
__end_of___ftadd                       text12       006EB
__end_of___ftdiv                       text11       0049B
__end_of___ftmul                       text10       005F6
__end_of___ftpack                      text13       0027B
__end_of___fttol                       text9        003F3
__end_of___lmul                        text17       001E5
__end_of___lwtoft                      text8        0012B
__end_of__initialization               cinit        007FE
__end_of_main                          maintext     0010B
__initialization                       cinit        007EF
__pbssBANK0                            bssBANK0     00063
__pbssBANK1                            bssBANK1     000A0
__pcstackBANK0                         cstackBANK0  00020
__pcstackCOMMON                        cstackCOMMON 00070
__pmaintext                            maintext     00106
__pstringtext                          stringtext   00100
__ptext1                               text1        000FD
__ptext10                              text10       00543
__ptext11                              text11       003F3
__ptext12                              text12       005F6
__ptext13                              text13       00217
__ptext14                              text14       0010B
__ptext15                              text15       001E5
__ptext16                              text16       0027B
__ptext17                              text17       001B6
__ptext18                              text18       002EA
__ptext19                              text19       006EB
__ptext2                               text2        0016B
__ptext3                               text3        0012B
__ptext4                               text4        0018D
__ptext5                               text5        00111
__ptext6                               text6        0014A
__ptext7                               text7        0049B
__ptext8                               text8        00119
__ptext9                               text9        0036C
__size_of_CleanKeeperController        (abs)        00000
__size_of_CleanKeeperInit              (abs)        00000
__size_of_ConfigureOscillator          (abs)        00000
__size_of_ConvertRpm2Hz                (abs)        00000
__size_of_InitAddress                  (abs)        00000
__size_of_InitApp                      (abs)        00000
__size_of_InitGPIO                     (abs)        00000
__size_of_LimitFreq                    (abs)        00000
__size_of_PulseOut                     (abs)        00000
__size_of_ReadFlash                    (abs)        00000
__size_of_SetPWMDutyCycle              (abs)        00000
__size_of___aldiv                      (abs)        00000
__size_of___ftadd                      (abs)        00000
__size_of___ftdiv                      (abs)        00000
__size_of___ftmul                      (abs)        00000
__size_of___ftpack                     (abs)        00000
__size_of___fttol                      (abs)        00000
__size_of___lmul                       (abs)        00000
__size_of___lwtoft                     (abs)        00000
__size_of_main                         (abs)        00000
_main                                  maintext     00106
btemp                                  (abs)        0007E
end_of_initialization                  cinit        007FE
intlevel0                              functab      00000
intlevel1                              functab      00000
intlevel2                              functab      00000
intlevel3                              functab      00000
intlevel4                              functab      00000
intlevel5                              functab      00000
ltemp                                  (abs)        0007E
ltemp0                                 (abs)        0007E
ltemp1                                 (abs)        00082
ltemp2                                 (abs)        00086
ltemp3                                 (abs)        00080
reset_vec                              reset_vec    00000
stackhi                                (abs)        0206F
stacklo                                (abs)        02054
start                                  init         00001
start_initialization                   cinit        007EF
ttemp                                  (abs)        0007E
ttemp0                                 (abs)        0007E
ttemp1                                 (abs)        00081
ttemp2                                 (abs)        00084
ttemp3                                 (abs)        00087
ttemp4                                 (abs)        0007F
wtemp                                  (abs)        0007E
wtemp0                                 (abs)        0007E
wtemp1                                 (abs)        00080
wtemp2                                 (abs)        00082
wtemp3                                 (abs)        00084
wtemp4                                 (abs)        00086
wtemp5                                 (abs)        00088
wtemp6                                 (abs)        0007F


FUNCTION INFORMATION:

 *************** function _main *****************
 Defined at:
		line 25 in file "main.c"
 Parameters:    Size  Location     Type
		None
 Auto vars:     Size  Location     Type
		None
 Return value:  Size  Location     Type
		None               void
 Registers used:
		wreg, fsr0l, fsr0h, status,2, status,0, pclath, cstack
 Tracked objects:
		On entry : 
		On exit  : 
		Unchanged: 
 Data sizes:     COMMON   BANK0   BANK1
      Params:         0       0       0
      Locals:         0       0       0
      Temps:          0       0       0
      Totals:         0       0       0
Total ram usage:        0 bytes
 Hardware stack levels required when called:    4
 This function calls:
		_CleanKeeperController
		_CleanKeeperInit
		_ConfigureOscillator
		_InitApp
 This function is called by:
		Startup code after reset
 This function uses a non-reentrant model


 *************** function _InitApp *****************
 Defined at:
		line 19 in file "user.c"
 Parameters:    Size  Location     Type
		None
 Auto vars:     Size  Location     Type
		None
 Return value:  Size  Location     Type
		None               void
 Registers used:
		wreg, status,2, status,0, pclath, cstack
 Tracked objects:
		On entry : 
		On exit  : 
		Unchanged: 
 Data sizes:     COMMON   BANK0   BANK1
      Params:         0       0       0
      Locals:         0       0       0
      Temps:          0       0       0
      Totals:         0       0       0
Total ram usage:        0 bytes
 Hardware stack levels used:    1
 Hardware stack levels required when called:    2
 This function calls:
		_InitAddress
		_InitGPIO
 This function is called by:
		_main
 This function uses a non-reentrant model


 *************** function _InitGPIO *****************
 Defined at:
		line 36 in file "user.c"
 Parameters:    Size  Location     Type
		None
 Auto vars:     Size  Location     Type
		None
 Return value:  Size  Location     Type
		None               void
 Registers used:
		wreg, status,2, status,0
 Tracked objects:
		On entry : 
		On exit  : 
		Unchanged: 
 Data sizes:     COMMON   BANK0   BANK1
      Params:         0       0       0
      Locals:         0       0       0
      Temps:          0       0       0
      Totals:         0       0       0
Total ram usage:        0 bytes
 Hardware stack levels used:    1
 This function calls:
		Nothing
 This function is called by:
		_InitApp
 This function uses a non-reentrant model


 *************** function _InitAddress *****************
 Defined at:
		line 74 in file "user.c"
 Parameters:    Size  Location     Type
		None
 Auto vars:     Size  Location     Type
  addr            2    8[COMMON] unsigned int 
 Return value:  Size  Location     Type
		None               void
 Registers used:
		wreg, status,2, status,0, pclath, cstack
 Tracked objects:
		On entry : 
		On exit  : 
		Unchanged: 
 Data sizes:     COMMON   BANK0   BANK1
      Params:         0       0       0
      Locals:         2       0       0
      Temps:          2       0       0
      Totals:         4       0       0
Total ram usage:        4 bytes
 Hardware stack levels used:    1
 Hardware stack levels required when called:    1
 This function calls:
		_ReadFlash
 This function is called by:
		_InitApp
 This function uses a non-reentrant model


 *************** function _ReadFlash *****************
 Defined at:
		line 84 in file "user.c"
 Parameters:    Size  Location     Type
  address         2    0[COMMON] unsigned int 
 Auto vars:     Size  Location     Type
  data            2    4[COMMON] unsigned int 
 Return value:  Size  Location     Type
                  2    0[COMMON] unsigned int 
 Registers used:
		wreg, status,2, status,0
 Tracked objects:
		On entry : 
		On exit  : 
		Unchanged: 
 Data sizes:     COMMON   BANK0   BANK1
      Params:         2       0       0
      Locals:         2       0       0
      Temps:          2       0       0
      Totals:         6       0       0
Total ram usage:        6 bytes
 Hardware stack levels used:    1
 This function calls:
		Nothing
 This function is called by:
		_InitAddress
 This function uses a non-reentrant model


 *************** function _ConfigureOscillator *****************
 Defined at:
		line 10 in file "system.c"
 Parameters:    Size  Location     Type
		None
 Auto vars:     Size  Location     Type
		None
 Return value:  Size  Location     Type
		None               void
 Registers used:
		wreg, status,2, status,0
 Tracked objects:
		On entry : 
		On exit  : 
		Unchanged: 
 Data sizes:     COMMON   BANK0   BANK1
      Params:         0       0       0
      Locals:         0       0       0
      Temps:          0       0       0
      Totals:         0       0       0
Total ram usage:        0 bytes
 Hardware stack levels used:    1
 This function calls:
		Nothing
 This function is called by:
		_main
 This function uses a non-reentrant model


 *************** function _CleanKeeperInit *****************
 Defined at:
		line 119 in file "cleankeeper.c"
 Parameters:    Size  Location     Type
		None
 Auto vars:     Size  Location     Type
  iHertz          2   65[BANK0 ] int 
 Return value:  Size  Location     Type
		None               void
 Registers used:
		wreg, fsr0l, fsr0h, status,2, status,0, pclath, cstack
 Tracked objects:
		On entry : 
		On exit  : 
		Unchanged: 
 Data sizes:     COMMON   BANK0   BANK1
      Params:         0       0       0
      Locals:         0       2       0
      Temps:          0       0       0
      Totals:         0       2       0
Total ram usage:        2 bytes
 Hardware stack levels used:    1
 Hardware stack levels required when called:    3
 This function calls:
		_ConvertRpm2Hz
		_PulseOut
 This function is called by:
		_main
 This function uses a non-reentrant model


 *************** function _PulseOut *****************
 Defined at:
		line 404 in file "user.c"
 Parameters:    Size  Location     Type
  iFreq           2   59[BANK0 ] unsigned int 
 Auto vars:     Size  Location     Type
  iLimitedFreq    2   63[BANK0 ] unsigned int 
  iPR2            2   61[BANK0 ] unsigned int 
 Return value:  Size  Location     Type
		None               void
 Registers used:
		wreg, status,2, status,0, pclath, cstack
 Tracked objects:
		On entry : 
		On exit  : 
		Unchanged: 
 Data sizes:     COMMON   BANK0   BANK1
      Params:         0       2       0
      Locals:         0       4       0
      Temps:          2       0       0
      Totals:         2       6       0
Total ram usage:        8 bytes
 Hardware stack levels used:    1
 Hardware stack levels required when called:    2
 This function calls:
		_LimitFreq
		_SetPWMDutyCycle
		___ftadd
		___ftdiv
		___ftmul
		___fttol
		___lwtoft
 This function is called by:
		_CleanKeeperInit
 This function uses a non-reentrant model


 *************** function ___lwtoft *****************
 Defined at:
		line 28 in file "C:\Program Files (x86)\Microchip\xc8\v1.34\sources\common\lwtoft.c"
 Parameters:    Size  Location     Type
  c               2    8[COMMON] unsigned int 
 Auto vars:     Size  Location     Type
		None
 Return value:  Size  Location     Type
                  3    8[COMMON] float 
 Registers used:
		wreg, status,2, status,0, pclath, cstack
 Tracked objects:
		On entry : 
		On exit  : 
		Unchanged: 
 Data sizes:     COMMON   BANK0   BANK1
      Params:         3       0       0
      Locals:         0       0       0
      Temps:          1       0       0
      Totals:         4       0       0
Total ram usage:        4 bytes
 Hardware stack levels used:    1
 Hardware stack levels required when called:    1
 This function calls:
		___ftpack
 This function is called by:
		_PulseOut
 This function uses a non-reentrant model


 *************** function ___fttol *****************
 Defined at:
		line 44 in file "C:\Program Files (x86)\Microchip\xc8\v1.34\sources\common\fttol.c"
 Parameters:    Size  Location     Type
  f1              3   45[BANK0 ] float 
 Auto vars:     Size  Location     Type
  lval            4   54[BANK0 ] unsigned long 
  exp1            1   58[BANK0 ] unsigned char 
  sign1           1   53[BANK0 ] unsigned char 
 Return value:  Size  Location     Type
                  4   45[BANK0 ] long 
 Registers used:
		wreg, status,2, status,0
 Tracked objects:
		On entry : 
		On exit  : 
		Unchanged: 
 Data sizes:     COMMON   BANK0   BANK1
      Params:         0       4       0
      Locals:         0       6       0
      Temps:          0       4       0
      Totals:         0      14       0
Total ram usage:       14 bytes
 Hardware stack levels used:    1
 This function calls:
		Nothing
 This function is called by:
		_PulseOut
 This function uses a non-reentrant model


 *************** function ___ftmul *****************
 Defined at:
		line 62 in file "C:\Program Files (x86)\Microchip\xc8\v1.34\sources\common\ftmul.c"
 Parameters:    Size  Location     Type
  f1              3    0[BANK0 ] float 
  f2              3    3[BANK0 ] float 
 Auto vars:     Size  Location     Type
  f3_as_produc    3   11[BANK0 ] unsigned um
  sign            1   15[BANK0 ] unsigned char 
  cntr            1   14[BANK0 ] unsigned char 
  exp             1   10[BANK0 ] unsigned char 
 Return value:  Size  Location     Type
                  3    0[BANK0 ] float 
 Registers used:
		wreg, status,2, status,0, pclath, cstack
 Tracked objects:
		On entry : 
		On exit  : 
		Unchanged: 
 Data sizes:     COMMON   BANK0   BANK1
      Params:         0       6       0
      Locals:         0       6       0
      Temps:          0       4       0
      Totals:         0      16       0
Total ram usage:       16 bytes
 Hardware stack levels used:    1
 Hardware stack levels required when called:    1
 This function calls:
		___ftpack
 This function is called by:
		_PulseOut
 This function uses a non-reentrant model


 *************** function ___ftdiv *****************
 Defined at:
		line 56 in file "C:\Program Files (x86)\Microchip\xc8\v1.34\sources\common\ftdiv.c"
 Parameters:    Size  Location     Type
  f2              3   16[BANK0 ] float 
  f1              3   19[BANK0 ] float 
 Auto vars:     Size  Location     Type
  f3              3   27[BANK0 ] float 
  sign            1   31[BANK0 ] unsigned char 
  exp             1   30[BANK0 ] unsigned char 
  cntr            1   26[BANK0 ] unsigned char 
 Return value:  Size  Location     Type
                  3   16[BANK0 ] float 
 Registers used:
		wreg, status,2, status,0, pclath, cstack
 Tracked objects:
		On entry : 
		On exit  : 
		Unchanged: 
 Data sizes:     COMMON   BANK0   BANK1
      Params:         0       6       0
      Locals:         0       6       0
      Temps:          0       4       0
      Totals:         0      16       0
Total ram usage:       16 bytes
 Hardware stack levels used:    1
 Hardware stack levels required when called:    1
 This function calls:
		___ftpack
 This function is called by:
		_PulseOut
 This function uses a non-reentrant model


 *************** function ___ftadd *****************
 Defined at:
		line 86 in file "C:\Program Files (x86)\Microchip\xc8\v1.34\sources\common\ftadd.c"
 Parameters:    Size  Location     Type
  f1              3   32[BANK0 ] float 
  f2              3   35[BANK0 ] float 
 Auto vars:     Size  Location     Type
  exp1            1   44[BANK0 ] unsigned char 
  exp2            1   43[BANK0 ] unsigned char 
  sign            1   42[BANK0 ] unsigned char 
 Return value:  Size  Location     Type
                  3   32[BANK0 ] float 
 Registers used:
		wreg, status,2, status,0, pclath, cstack
 Tracked objects:
		On entry : 
		On exit  : 
		Unchanged: 
 Data sizes:     COMMON   BANK0   BANK1
      Params:         0       6       0
      Locals:         0       3       0
      Temps:          0       4       0
      Totals:         0      13       0
Total ram usage:       13 bytes
 Hardware stack levels used:    1
 Hardware stack levels required when called:    1
 This function calls:
		___ftpack
 This function is called by:
		_PulseOut
 This function uses a non-reentrant model


 *************** function ___ftpack *****************
 Defined at:
		line 62 in file "C:\Program Files (x86)\Microchip\xc8\v1.34\sources\common\float.c"
 Parameters:    Size  Location     Type
  arg             3    0[COMMON] unsigned um
  exp             1    3[COMMON] unsigned char 
  sign            1    4[COMMON] unsigned char 
 Auto vars:     Size  Location     Type
		None
 Return value:  Size  Location     Type
                  3    0[COMMON] float 
 Registers used:
		wreg, status,2, status,0
 Tracked objects:
		On entry : 
		On exit  : 
		Unchanged: 
 Data sizes:     COMMON   BANK0   BANK1
      Params:         5       0       0
      Locals:         0       0       0
      Temps:          3       0       0
      Totals:         8       0       0
Total ram usage:        8 bytes
 Hardware stack levels used:    1
 This function calls:
		Nothing
 This function is called by:
		___ftadd
		___ftdiv
		___ftmul
		___lwtoft
 This function uses a non-reentrant model


 *************** function _SetPWMDutyCycle *****************
 Defined at:
		line 394 in file "user.c"
 Parameters:    Size  Location     Type
  DutyCycle       2    0[COMMON] unsigned int 
 Auto vars:     Size  Location     Type
		None
 Return value:  Size  Location     Type
		None               void
 Registers used:
		wreg, status,2
 Tracked objects:
		On entry : 
		On exit  : 
		Unchanged: 
 Data sizes:     COMMON   BANK0   BANK1
      Params:         2       0       0
      Locals:         0       0       0
      Temps:          0       0       0
      Totals:         2       0       0
Total ram usage:        2 bytes
 Hardware stack levels used:    1
 This function calls:
		Nothing
 This function is called by:
		_PulseOut
 This function uses a non-reentrant model


 *************** function _LimitFreq *****************
 Defined at:
		line 377 in file "user.c"
 Parameters:    Size  Location     Type
  iFreq           2    0[COMMON] unsigned int 
 Auto vars:     Size  Location     Type
  iLimited        2    2[COMMON] unsigned int 
 Return value:  Size  Location     Type
                  2    0[COMMON] unsigned int 
 Registers used:
		wreg
 Tracked objects:
		On entry : 
		On exit  : 
		Unchanged: 
 Data sizes:     COMMON   BANK0   BANK1
      Params:         2       0       0
      Locals:         2       0       0
      Temps:          0       0       0
      Totals:         4       0       0
Total ram usage:        4 bytes
 Hardware stack levels used:    1
 This function calls:
		Nothing
 This function is called by:
		_PulseOut
 This function uses a non-reentrant model


 *************** function _ConvertRpm2Hz *****************
 Defined at:
		line 104 in file "cleankeeper.c"
 Parameters:    Size  Location     Type
  iRpm            2   14[BANK0 ] int 
 Auto vars:     Size  Location     Type
  iHertz          4   20[BANK0 ] long 
 Return value:  Size  Location     Type
                  2   14[BANK0 ] int 
 Registers used:
		wreg, fsr0l, fsr0h, status,2, status,0, pclath, cstack
 Tracked objects:
		On entry : 
		On exit  : 
		Unchanged: 
 Data sizes:     COMMON   BANK0   BANK1
      Params:         0       2       0
      Locals:         0       8       0
      Temps:          0       0       0
      Totals:         0      10       0
Total ram usage:       10 bytes
 Hardware stack levels used:    1
 Hardware stack levels required when called:    1
 This function calls:
		___aldiv
		___lmul
 This function is called by:
		_CleanKeeperInit
 This function uses a non-reentrant model


 *************** function ___lmul *****************
 Defined at:
		line 15 in file "C:\Program Files (x86)\Microchip\xc8\v1.34\sources\common\Umul32.c"
 Parameters:    Size  Location     Type
  multiplier      4    0[COMMON] unsigned long 
  multiplicand    4    4[COMMON] unsigned long 
 Auto vars:     Size  Location     Type
  product         4    8[COMMON] unsigned long 
 Return value:  Size  Location     Type
                  4    0[COMMON] unsigned long 
 Registers used:
		wreg, status,2, status,0
 Tracked objects:
		On entry : 
		On exit  : 
		Unchanged: 
 Data sizes:     COMMON   BANK0   BANK1
      Params:         8       0       0
      Locals:         4       0       0
      Temps:          0       0       0
      Totals:        12       0       0
Total ram usage:       12 bytes
 Hardware stack levels used:    1
 This function calls:
		Nothing
 This function is called by:
		_ConvertRpm2Hz
 This function uses a non-reentrant model


 *************** function ___aldiv *****************
 Defined at:
		line 6 in file "C:\Program Files (x86)\Microchip\xc8\v1.34\sources\common\aldiv.c"
 Parameters:    Size  Location     Type
  divisor         4    0[BANK0 ] long 
  dividend        4    4[BANK0 ] long 
 Auto vars:     Size  Location     Type
  quotient        4   10[BANK0 ] long 
  sign            1    9[BANK0 ] unsigned char 
  counter         1    8[BANK0 ] unsigned char 
 Return value:  Size  Location     Type
                  4    0[BANK0 ] long 
 Registers used:
		wreg, status,2, status,0
 Tracked objects:
		On entry : 
		On exit  : 
		Unchanged: 
 Data sizes:     COMMON   BANK0   BANK1
      Params:         0       8       0
      Locals:         0       6       0
      Temps:          1       0       0
      Totals:         1      14       0
Total ram usage:       15 bytes
 Hardware stack levels used:    1
 This function calls:
		Nothing
 This function is called by:
		_ConvertRpm2Hz
 This function uses a non-reentrant model


 *************** function _CleanKeeperController *****************
 Defined at:
		line 152 in file "cleankeeper.c"
 Parameters:    Size  Location     Type
		None
 Auto vars:     Size  Location     Type
  bGreen          1    5[COMMON] unsigned char 
  bRed            1    4[COMMON] unsigned char 
 Return value:  Size  Location     Type
		None               void
 Registers used:
		wreg, status,2, status,0
 Tracked objects:
		On entry : 
		On exit  : 
		Unchanged: 
 Data sizes:     COMMON   BANK0   BANK1
      Params:         0       0       0
      Locals:         2       0       0
      Temps:          4       0       0
      Totals:         6       0       0
Total ram usage:        6 bytes
 Hardware stack levels used:    1
 This function calls:
		Nothing
 This function is called by:
		_main
 This function uses a non-reentrant model



MODULE INFORMATION

Module		Function		Class		Link	Load	Size
cleankeeper.c
		_ConvertRpm2Hz 		CODE           	027B	0000	112
		_CleanKeeperIni		CODE           	014A	0000	34
		_CleanKeeperCon		CODE           	06EB	0000	261

cleankeeper.c estimated size: 407

C:\Program Files (x86)\Microchip\xc8\v1.34\sources\common\Umul32.c
		___lmul        		CODE           	01B6	0000	48

C:\Program Files (x86)\Microchip\xc8\v1.34\sources\common\Umul32.c estimated size: 48

C:\Program Files (x86)\Microchip\xc8\v1.34\sources\common\float.c
		___ftpack      		CODE           	0217	0000	101

C:\Program Files (x86)\Microchip\xc8\v1.34\sources\common\float.c estimated size: 101

C:\Program Files (x86)\Microchip\xc8\v1.34\sources\common\ftmul.c
		___ftmul       		CODE           	0543	0000	180

C:\Program Files (x86)\Microchip\xc8\v1.34\sources\common\ftmul.c estimated size: 180

C:\Program Files (x86)\Microchip\xc8\v1.34\sources\common\lwtoft.c
		___lwtoft      		CODE           	0119	0000	19

C:\Program Files (x86)\Microchip\xc8\v1.34\sources\common\lwtoft.c estimated size: 19

C:\Program Files (x86)\Microchip\xc8\v1.34\sources\common\ftdiv.c
		___ftdiv       		CODE           	03F3	0000	169

C:\Program Files (x86)\Microchip\xc8\v1.34\sources\common\ftdiv.c estimated size: 169

shared
		__initializatio		CODE           	07EF	0000	16
		ConvertRpm2Hz@i		STRCODE        	0100	0000	5
		Wait_ms@iWAIT  		STRCODE        	0104	0000	3

shared estimated size: 24

C:\Program Files (x86)\Microchip\xc8\v1.34\sources\common\aldiv.c
		___aldiv       		CODE           	02EA	0000	131

C:\Program Files (x86)\Microchip\xc8\v1.34\sources\common\aldiv.c estimated size: 131

user.c
		_PulseOut      		CODE           	049B	0000	169
		_InitAddress   		CODE           	012B	0000	32
		_LimitFreq     		CODE           	01E5	0000	51
		_InitApp       		CODE           	00FD	0000	4
		_InitGPIO      		CODE           	016B	0000	35
		_SetPWMDutyCycl		CODE           	010B	0000	6
		_ReadFlash     		CODE           	018D	0000	42

user.c estimated size: 339

C:\Program Files (x86)\Microchip\xc8\v1.34\sources\common\fttol.c
		___fttol       		CODE           	036C	0000	136

C:\Program Files (x86)\Microchip\xc8\v1.34\sources\common\fttol.c estimated size: 136

main.c
		_main          		CODE           	0106	0000	6

main.c estimated size: 6

system.c
		_ConfigureOscil		CODE           	0111	0000	9

system.c estimated size: 9

C:\Program Files (x86)\Microchip\xc8\v1.34\sources\common\ftadd.c
		___ftadd       		CODE           	05F6	0000	246

C:\Program Files (x86)\Microchip\xc8\v1.34\sources\common\ftadd.c estimated size: 246

